// Jest Snapshot v1, https://goo.gl/fbAQLP

exports[`Box renders 1`] = `
<div
  className="my-3 p-3 bg-white rounded box-border"
>
  <div>
    Child
  </div>
</div>
`;
